// Vitest Snapshot v1, https://vitest.dev/guide/snapshot.html

exports[`MultiGrid.vue > matches snapshot 1`] = `
"<div data-testid="multi-grid-structure" class="grid gap-y-2 md:gap-x-2 md:gap-y-0 items-center grid-cols-1 md:grid-cols-2 lg:grid-cols-3" style="background-color: #fff; margin: 20px 10px;">
  <div class="group/col relative overflow-hidden">
    <!--v-if-->
    <!--v-if-->
    <div class="absolute inset-0 z-30 flex items-center justify-center opacity-0 invisible pointer-events-none">
      <!--v-if-->
    </div>
  </div>
</div>"
`;
